
[1m[46m RUN [49m[22m [36mv3.2.4 [39m[90mG:/Dev/commis[39m

 [32mÔ£ô[39m src/app/page.test.tsx[2m > [22mHome page[2m > [22mmodule exists[32m 1[2mms[22m[39m
 [32mÔ£ô[39m src/lib/utils/draft.test.ts[2m > [22mdraft.ts[2m > [22msaveDraft + loadDraft retourne le brouillon sauvegard├®[32m 3[2mms[22m[39m
 [32mÔ£ô[39m src/lib/utils/draft.test.ts[2m > [22mdraft.ts[2m > [22mloadDraft retourne null si aucun brouillon[32m 0[2mms[22m[39m
 [32mÔ£ô[39m src/lib/utils/draft.test.ts[2m > [22mdraft.ts[2m > [22mclearDraft supprime le brouillon[32m 0[2mms[22m[39m
 [32mÔ£ô[39m src/lib/utils/draft.test.ts[2m > [22mdraft.ts[2m > [22msaveDraft ├®crase le brouillon pr├®c├®dent[32m 0[2mms[22m[39m
 [32mÔ£ô[39m src/lib/utils/draft.test.ts[2m > [22mdraft.ts[2m > [22mloadDraft retourne null si le JSON est corrompu[32m 0[2mms[22m[39m
 [32mÔ£ô[39m src/lib/utils/text.test.ts[2m > [22mtoSentenceCase[2m > [22mmet la premi├¿re lettre en majuscule et le reste en minuscule[32m 2[2mms[22m[39m
 [32mÔ£ô[39m src/lib/utils/text.test.ts[2m > [22mtoSentenceCase[2m > [22mg├¿re les cha├«nes vides[32m 0[2mms[22m[39m
 [32mÔ£ô[39m src/lib/utils/text.test.ts[2m > [22mtoSentenceCase[2m > [22mg├¿re les cha├«nes d'un seul caract├¿re[32m 0[2mms[22m[39m
 [32mÔ£ô[39m src/lib/utils/text.test.ts[2m > [22mtoSentenceCase[2m > [22mg├¿re les caract├¿res sp├®ciaux au d├®but[32m 0[2mms[22m[39m
 [31m├ù[39m src/lib/utils/ingredients.test.ts[2m > [22mingredients util[2m > [22mparses typical ingredients[32m 14[2mms[22m[39m
[31m   ÔåÆ expected { quantity: 1500, unit: 'g', ÔÇª(2) } to deeply equal { quantity: 1.5, unit: 'kg', ÔÇª(2) }[39m
 [32mÔ£ô[39m src/lib/utils/ingredients.test.ts[2m > [22mingredients util[2m > [22maggregates ingredients correctly[32m 2[2mms[22m[39m
 [32mÔ£ô[39m src/lib/utils/import-web.test.ts[2m > [22mextractFromJsonLd[2m > [22mextrait une recette depuis un JSON-LD valide[32m 3[2mms[22m[39m
 [32mÔ£ô[39m src/lib/utils/import-web.test.ts[2m > [22mextractFromJsonLd[2m > [22mretourne null si pas de JSON-LD Recipe[32m 0[2mms[22m[39m
 [32mÔ£ô[39m src/lib/utils/import-web.test.ts[2m > [22mextractFromJsonLd[2m > [22mretourne null pour un HTML vide[32m 0[2mms[22m[39m
 [32mÔ£ô[39m src/lib/utils/import-web.test.ts[2m > [22mextractFromJsonLd[2m > [22mg├¿re un JSON-LD malform├® sans crasher[32m 1[2mms[22m[39m
 [32mÔ£ô[39m src/lib/utils/import-web.test.ts[2m > [22mextractFromJsonLd[2m > [22mextrait image depuis un array[32m 0[2mms[22m[39m
 [32mÔ£ô[39m src/lib/utils/import-web.test.ts[2m > [22mextractFromHtml[2m > [22mextrait titre, ingr├®dients et ├®tapes depuis HTML simple[32m 2[2mms[22m[39m
 [32mÔ£ô[39m src/lib/utils/import-web.test.ts[2m > [22mextractFromHtml[2m > [22mretourne null si pas de titre h1[32m 0[2mms[22m[39m
 [32mÔ£ô[39m src/lib/utils/import-web.test.ts[2m > [22mextractFromHtml[2m > [22mretourne null si pas de listes[32m 0[2mms[22m[39m
 [32mÔ£ô[39m src/lib/utils/import-web.test.ts[2m > [22mnormalizeImageUrl[2m > [22mretourne une URL absolue valide telle quelle[32m 1[2mms[22m[39m
 [32mÔ£ô[39m src/lib/utils/import-web.test.ts[2m > [22mnormalizeImageUrl[2m > [22mr├®sout une URL relative en URL absolue[32m 1[2mms[22m[39m
 [32mÔ£ô[39m src/lib/utils/import-web.test.ts[2m > [22mnormalizeImageUrl[2m > [22mretourne null pour une URL null[32m 0[2mms[22m[39m
 [32mÔ£ô[39m src/lib/utils/import-web.test.ts[2m > [22mnormalizeImageUrl[2m > [22mretourne null pour un protocole non-http[32m 1[2mms[22m[39m
 [32mÔ£ô[39m src/lib/utils/import-web.test.ts[2m > [22mnormalizeImageUrl[2m > [22mretourne null pour un protocole ftp[32m 1[2mms[22m[39m
 [32mÔ£ô[39m src/lib/utils/import-web.test.ts[2m > [22misImageUrl[2m > [22mreconna├«t un .jpg[32m 1[2mms[22m[39m
 [32mÔ£ô[39m src/lib/utils/import-web.test.ts[2m > [22misImageUrl[2m > [22mreconna├«t un .jpeg avec query string[32m 1[2mms[22m[39m
 [32mÔ£ô[39m src/lib/utils/import-web.test.ts[2m > [22misImageUrl[2m > [22mreconna├«t un .webp[32m 0[2mms[22m[39m
 [32mÔ£ô[39m src/lib/utils/import-web.test.ts[2m > [22misImageUrl[2m > [22mreconna├«t un .png[32m 0[2mms[22m[39m
 [32mÔ£ô[39m src/lib/utils/import-web.test.ts[2m > [22misImageUrl[2m > [22mrejette une URL de page web[32m 0[2mms[22m[39m
 [32mÔ£ô[39m src/lib/utils/import-web.test.ts[2m > [22misImageUrl[2m > [22mrejette une URL sans extension image[32m 0[2mms[22m[39m
 [32mÔ£ô[39m src/lib/utils/import-web.test.ts[2m > [22misImageUrl[2m > [22mretourne false pour null[32m 0[2mms[22m[39m
 [32mÔ£ô[39m src/lib/utils/import-web.test.ts[2m > [22mextractImageFromMarkdown[2m > [22mextrait la premi├¿re URL d'image valide du markdown[32m 1[2mms[22m[39m
 [32mÔ£ô[39m src/lib/utils/import-web.test.ts[2m > [22mextractImageFromMarkdown[2m > [22mignore les logos et ic├┤nes[32m 1[2mms[22m[39m
 [32mÔ£ô[39m src/lib/utils/import-web.test.ts[2m > [22mextractImageFromMarkdown[2m > [22mignore les images sans extension image dans le path[32m 0[2mms[22m[39m
 [32mÔ£ô[39m src/lib/utils/import-web.test.ts[2m > [22mextractImageFromMarkdown[2m > [22mretourne null si aucune image valide[32m 0[2mms[22m[39m
 [32mÔ£ô[39m src/lib/utils/import-web.test.ts[2m > [22mextractImageFromMarkdown[2m > [22mretourne null pour un markdown vide[32m 0[2mms[22m[39m
 [32mÔ£ô[39m src/lib/utils/import-reel.test.ts[2m > [22misSupportedVideoUrl[2m > [22mreconna├«t un lien /reel/[32m 2[2mms[22m[39m
 [32mÔ£ô[39m src/lib/utils/import-reel.test.ts[2m > [22misSupportedVideoUrl[2m > [22mreconna├«t un lien /reels/[32m 1[2mms[22m[39m
 [32mÔ£ô[39m src/lib/utils/import-reel.test.ts[2m > [22misSupportedVideoUrl[2m > [22mreconna├«t un lien /p/ (post)[32m 0[2mms[22m[39m
 [32mÔ£ô[39m src/lib/utils/import-reel.test.ts[2m > [22misSupportedVideoUrl[2m > [22mreconna├«t sans www[32m 0[2mms[22m[39m
 [32mÔ£ô[39m src/lib/utils/import-reel.test.ts[2m > [22misSupportedVideoUrl[2m > [22mreconna├«t un lien tiktok.com classique[32m 0[2mms[22m[39m
 [32mÔ£ô[39m src/lib/utils/import-reel.test.ts[2m > [22misSupportedVideoUrl[2m > [22mreconna├«t un lien de partage tiktok[32m 0[2mms[22m[39m
 [32mÔ£ô[39m src/lib/utils/import-reel.test.ts[2m > [22misSupportedVideoUrl[2m > [22mreconna├«t un lien youtube classique[32m 0[2mms[22m[39m
 [32mÔ£ô[39m src/lib/utils/import-reel.test.ts[2m > [22misSupportedVideoUrl[2m > [22mreconna├«t un youtube short[32m 0[2mms[22m[39m
 [32mÔ£ô[39m src/lib/utils/import-reel.test.ts[2m > [22misSupportedVideoUrl[2m > [22mreconna├«t un lien youtu.be[32m 0[2mms[22m[39m
 [32mÔ£ô[39m src/lib/utils/import-reel.test.ts[2m > [22misSupportedVideoUrl[2m > [22mrejette un profil Instagram (pas un reel)[32m 0[2mms[22m[39m
 [32mÔ£ô[39m src/lib/utils/import-reel.test.ts[2m > [22misSupportedVideoUrl[2m > [22mrejette une URL invalide[32m 0[2mms[22m[39m
 [32mÔ£ô[39m src/lib/utils/import-reel.test.ts[2m > [22misSupportedVideoUrl[2m > [22mrejette une cha├«ne vide[32m 0[2mms[22m[39m
 [32mÔ£ô[39m src/app/actions/recipes.test.ts[2m > [22mupdateRecipeRating action[2m > [22mdevrait retourner une erreur si la note est invalide (> 5)[32m 2[2mms[22m[39m
 [32mÔ£ô[39m src/app/actions/recipes.test.ts[2m > [22mupdateRecipeRating action[2m > [22mdevrait retourner une erreur si la note est invalide (< 0)[32m 0[2mms[22m[39m
 [32mÔ£ô[39m src/app/actions/recipes.test.ts[2m > [22mupdateRecipeRating action[2m > [22mdevrait retourner un objet vide en cas de succ├¿s[32m 1[2mms[22m[39m
 [32mÔ£ô[39m src/app/components/recipe-rating.test.tsx[2m > [22mRecipeRating[2m > [22maffiche 5 ├®toiles[32m 58[2mms[22m[39m
 [32mÔ£ô[39m src/app/components/recipe-rating.test.tsx[2m > [22mRecipeRating[2m > [22maffiche le nombre correct d'├®toiles pleines selon initialRating[32m 9[2mms[22m[39m
 [32mÔ£ô[39m src/app/components/recipe-rating.test.tsx[2m > [22mRecipeRating[2m > [22mchange la note locale au clic[32m 13[2mms[22m[39m
 [32mÔ£ô[39m src/app/components/recipe-rating.test.tsx[2m > [22mRecipeRating[2m > [22md├®sactive les ├®toiles en mode readOnly[32m 7[2mms[22m[39m
 [32mÔ£ô[39m src/app/components/recipe-filters.test.tsx[2m > [22mRecipeFilters sorting[2m > [22mtrie par d├®faut les plus r├®centes en premier[32m 67[2mms[22m[39m
 [32mÔ£ô[39m src/app/components/recipe-filters.test.tsx[2m > [22mRecipeFilters sorting[2m > [22mpeut trier par les mieux not├®es[32m 20[2mms[22m[39m
 [32mÔ£ô[39m src/app/components/recipe-filters.test.tsx[2m > [22mRecipeFilters sorting[2m > [22mfiltre les recettes par recherche textuelle[32m 12[2mms[22m[39m
 [31m├ù[39m src/app/components/import-source-selector.test.tsx[2m > [22mImportSourceSelector[2m > [22maffiche les trois cartes source[32m 30[2mms[22m[39m
[31m   ÔåÆ Unable to find an element with the text: Reel Insta. This could be because the text is broken up by multiple elements. In this case, you can provide a function for your text matcher to make your matcher more flexible.

Ignored nodes: comments, script, style
[36m<body>[31m
  [36m<div>[31m
    [36m<div[31m
      [33mclass[31m=[32m"mt-4 md:mt-8 max-w-2xl mx-auto flex flex-col-reverse gap-6"[31m
    [36m>[31m
      [36m<div[31m
        [33mclass[31m=[32m"flex flex-wrap gap-2 md:gap-3"[31m
      [36m>[31m
        [36m<button[31m
          [33mclass[31m=[32m"flex-1 min-w-[100px] sm:min-w-[120px] py-4 px-3 text-[13px] font-semibold rounded-[var(--radius-lg)] flex flex-col items-center justify-center gap-2 transition-all bg-[var(--color-bg-card)] text-[var(--color-accent)] border-2 border-[var(--color-accent)] shadow-[0_4px_12px_rgba(0,0,0,0.05)] scale-[1.02]"[31m
          [33mtype[31m=[32m"button"[31m
        [36m>[31m
          [36m<span[31m
            [33mclass[31m=[32m"text-xl md:text-2xl mb-0.5"[31m
          [36m>[31m
            [0m­ƒîÉ[0m
          [36m</span>[31m
          [0mSite Web[0m
        [36m</button>[31m
        [36m<button[31m
          [33mclass[31m=[32m"flex-1 min-w-[100px] sm:min-w-[120px] py-4 px-3 text-[13px] font-semibold rounded-[var(--radius-lg)] flex flex-col items-center justify-center gap-2 transition-all bg-[var(--color-bg-secondary)] text-[var(--color-text-secondary)] border-2 border-transparent hover:bg-[var(--color-bg-card)] hover:shadow-sm"[31m
          [33mtype[31m=[32m"button"[31m
        [36m>[31m
          [36m<span[31m
            [33mclass[31m=[32m"text-xl md:text-2xl mb-0.5"[31m
          [36m>[31m
            [0m­ƒÄ¼[0m
          [36m</span>[31m
          [0mVid├®o Courte[0m
        [36m</button>[31m
        [36m<button[31m
          [33mclass[31m=[32m"flex-1 min-w-[100px] sm:min-w-[120px] py-4 px-3 text-[13px] font-semibold rounded-[var(--radius-lg)] flex flex-col items-center justify-center gap-2 transition-all bg-[var(--color-bg-secondary)] text-[var(--color-text-secondary)] border-2 border-transparent hover:bg-[var(--color-bg-card)] hover:shadow-sm"[31m
          [33mtype[31m=[32m"button"[31m
        [36m>[31m
          [36m<span[31m
            [33mclass[31m=[32m"text-xl md:text-2xl mb-0.5"[31m
          [36m>[31m
            [0m­ƒô©[0m
          [36m</span>[31m
          [0mPhoto[0m
        [36m</button>[31m
        [36m<button[31m
          [33mclass[31m=[32m"flex-1 min-w-[100px] sm:min-w-[120px] py-4 px-3 text-[13px] font-semibold rounded-[var(--radius-lg)] flex flex-col items-center justify-center gap-2 transition-all bg-[var(--color-bg-secondary)] text-[var(--color-text-secondary)] border-2 border-transparent hover:bg-[var(--color-bg-card)] hover:shadow-sm"[31m
          [33mtype[31m=[32m"button"[31m
        [36m>[31m
          [36m<span[31m
            [33mclass[31m=[32m"text-xl md:text-2xl mb-0.5"[31m
          [36m>[31m
            [0m­ƒôï[0m
          [36m</span>[31m
          [0mTexte[0m
        [36m</button>[31m
        [36m<button[31m
          [33mclass[31m=[32m"flex-1 min-w-[100px] sm:min-w-[120px] py-4 px-3 text-[13px] font-semibold rounded-[var(--radius-lg)] flex flex-col items-center justify-center gap-2 transition-all bg-[var(--color-bg-secondary)] text-[var(--color-text-secondary)] border-2 border-transparent hover:bg-[var(--color-bg-card)] hover:shadow-sm"[31m
          [33mtype[31m=[32m"button"[31m
        [36m>[31m
          [36m<span[31m
            [33mclass[31m=[32m"text-xl md:text-2xl mb-0.5"[31m
          [36m>[31m
            [0m­ƒôª[0m
          [36m</span>[31m
          [0mEn masse[0m
        [36m</button>[31m
      [36m</div>[31m
      [36m<div[31m
        [33mclass[31m=[32m"bg-[var(--color-bg-card)] border border-[var(--color-border)] rounded-[var(--radius-xl)] shadow-sm overflow-hidden animate-in fade-in slide-in-from-bottom-2 duration-300"[31m
      [36m>[31m
        [36m<div[31m
          [33mclass[31m=[32m"p-6 sm:p-8"[31m
        [36m>[31m
          [36m<div[31m
            [33mclass[31m=[32m"flex flex-col sm:flex-row items-center sm:items-start gap-4 mb-6 text-center sm:text-left"[31m
          [36m>[31m
            [36m<div[31m
              [33mclass[31m=[32m"w-12 h-12 shrink-0 bg-blue-50 text-blue-500 rounded-full flex items-center justify-center text-2xl border border-blue-100"[31m
            [36m>[31m
              [0m­ƒîÉ[0m
            [36m</div>[31m
            [36m<div>[31m
              [36m<h4[31m
                [33mclass[31m=[32m"text-[18px] font-bold text-[var(--color-text-primary)]"[31m
              [36m>[31m
                [0mImporter depuis un site web[0m
              [36m</h4>[31m
              [36m<p[31m
                [33mclass[31m=[32m"text-[13px] text-[var(--color-text-secondary)] mt-1"[31m
              [36m>[31m
                [0mCollez le lien d'un blog culinaire ou d'un site de recettes. L'IA lira la page pour vous.[0m
              [36m</p>[31m
            [36m</div>[31m
          [36m</div>[31m
          [36m<form[31m
            [33mclass[31m=[32m"flex flex-col gap-3"[31m
          [36m>[31m
            [36m<input[31m
              [33mclass[31m=[32m"w-full px-4 py-3.5 text-[15px] border rounded-[var(--radius-md)] bg-[var(--color-bg-secondary)] text-[var(--color-text-primary)] placeholder:text-[var(--color-text-muted)] transition-colors focus:outline-none focus:ring-2 focus:ring-[var(--color-accent)]/30 disabled:opacity-50 border-[var(--color-border)] hover:border-[var(--color-border-hover)]"[31m
              [33mplaceholder[31m=[32m"https://www.marmiton.org/recettes/..."[31m
              [33mtype[31m=[32m"url"[31m
              [33mvalue[31m=[32m""[31m
            [36m/>[31m
            [36m<button[31m
              [33mclass[31m=[32m"w-full py-3.5 mt-2 bg-[var(--color-accent)] text-white text-[15px] font-bold rounded-[var(--radius-md)] shadow-md hover:bg-[var(--accent-primary-hover)] disabled:opacity-50 transition-all active:scale-[0.98]"[31m
              [33mdisabled[31m=[32m""[31m
              [33mtype[31m=[32m"submit"[31m
            [36m>[31m
              [0mImporter la recette[0m
            [36m</button>[31m
          [36m</form>[31m
        [36m</div>[31m
      [36m</div>[31m
    [36m</div>[31m
  [36m</div>[31m
[36m</body>[31m[39m
 [31m├ù[39m src/app/components/import-source-selector.test.tsx[2m > [22mImportSourceSelector[2m > [22mr├®v├¿le le champ URL Reel quand on clique sur la carte Reel[32m 65[2mms[22m[39m
[31m   ÔåÆ Unable to find an accessible element with the role "button" and name `/reel insta/i`

Here are the accessible roles:

  button:

  Name "­ƒîÉ Site Web":
  [36m<button[31m
    [33mclass[31m=[32m"flex-1 min-w-[100px] sm:min-w-[120px] py-4 px-3 text-[13px] font-semibold rounded-[var(--radius-lg)] flex flex-col items-center justify-center gap-2 transition-all bg-[var(--color-bg-card)] text-[var(--color-accent)] border-2 border-[var(--color-accent)] shadow-[0_4px_12px_rgba(0,0,0,0.05)] scale-[1.02]"[31m
    [33mtype[31m=[32m"button"[31m
  [36m/>[31m

  Name "­ƒÄ¼ Vid├®o Courte":
  [36m<button[31m
    [33mclass[31m=[32m"flex-1 min-w-[100px] sm:min-w-[120px] py-4 px-3 text-[13px] font-semibold rounded-[var(--radius-lg)] flex flex-col items-center justify-center gap-2 transition-all bg-[var(--color-bg-secondary)] text-[var(--color-text-secondary)] border-2 border-transparent hover:bg-[var(--color-bg-card)] hover:shadow-sm"[31m
    [33mtype[31m=[32m"button"[31m
  [36m/>[31m

  Name "­ƒô© Photo":
  [36m<button[31m
    [33mclass[31m=[32m"flex-1 min-w-[100px] sm:min-w-[120px] py-4 px-3 text-[13px] font-semibold rounded-[var(--radius-lg)] flex flex-col items-center justify-center gap-2 transition-all bg-[var(--color-bg-secondary)] text-[var(--color-text-secondary)] border-2 border-transparent hover:bg-[var(--color-bg-card)] hover:shadow-sm"[31m
    [33mtype[31m=[32m"button"[31m
  [36m/>[31m

  Name "­ƒôï Texte":
  [36m<button[31m
    [33mclass[31m=[32m"flex-1 min-w-[100px] sm:min-w-[120px] py-4 px-3 text-[13px] font-semibold rounded-[var(--radius-lg)] flex flex-col items-center justify-center gap-2 transition-all bg-[var(--color-bg-secondary)] text-[var(--color-text-secondary)] border-2 border-transparent hover:bg-[var(--color-bg-card)] hover:shadow-sm"[31m
    [33mtype[31m=[32m"button"[31m
  [36m/>[31m

  Name "­ƒôª En masse":
  [36m<button[31m
    [33mclass[31m=[32m"flex-1 min-w-[100px] sm:min-w-[120px] py-4 px-3 text-[13px] font-semibold rounded-[var(--radius-lg)] flex flex-col items-center justify-center gap-2 transition-all bg-[var(--color-bg-secondary)] text-[var(--color-text-secondary)] border-2 border-transparent hover:bg-[var(--color-bg-card)] hover:shadow-sm"[31m
    [33mtype[31m=[32m"button"[31m
  [36m/>[31m

  Name "Importer la recette":
  [36m<button[31m
    [33mclass[31m=[32m"w-full py-3.5 mt-2 bg-[var(--color-accent)] text-white text-[15px] font-bold rounded-[var(--radius-md)] shadow-md hover:bg-[var(--accent-primary-hover)] disabled:opacity-50 transition-all active:scale-[0.98]"[31m
    [33mdisabled[31m=[32m""[31m
    [33mtype[31m=[32m"submit"[31m
  [36m/>[31m

  --------------------------------------------------
  heading:

  Name "Importer depuis un site web":
  [36m<h4[31m
    [33mclass[31m=[32m"text-[18px] font-bold text-[var(--color-text-primary)]"[31m
  [36m/>[31m

  --------------------------------------------------
  paragraph:

  Name "":
  [36m<p[31m
    [33mclass[31m=[32m"text-[13px] text-[var(--color-text-secondary)] mt-1"[31m
  [36m/>[31m

  --------------------------------------------------
  textbox:

  Name "":
  [36m<input[31m
    [33mclass[31m=[32m"w-full px-4 py-3.5 text-[15px] border rounded-[var(--radius-md)] bg-[var(--color-bg-secondary)] text-[var(--color-text-primary)] placeholder:text-[var(--color-text-muted)] transition-colors focus:outline-none focus:ring-2 focus:ring-[var(--color-accent)]/30 disabled:opacity-50 border-[var(--color-border)] hover:border-[var(--color-border-hover)]"[31m
    [33mplaceholder[31m=[32m"https://www.marmiton.org/recettes/..."[31m
    [33mtype[31m=[32m"url"[31m
    [33mvalue[31m=[32m""[31m
  [36m/>[31m

  --------------------------------------------------

Ignored nodes: comments, script, style
[36m<body>[31m
  [36m<div>[31m
    [36m<div[31m
      [33mclass[31m=[32m"mt-4 md:mt-8 max-w-2xl mx-auto flex flex-col-reverse gap-6"[31m
    [36m>[31m
      [36m<div[31m
        [33mclass[31m=[32m"flex flex-wrap gap-2 md:gap-3"[31m
      [36m>[31m
        [36m<button[31m
          [33mclass[31m=[32m"flex-1 min-w-[100px] sm:min-w-[120px] py-4 px-3 text-[13px] font-semibold rounded-[var(--radius-lg)] flex flex-col items-center justify-center gap-2 transition-all bg-[var(--color-bg-card)] text-[var(--color-accent)] border-2 border-[var(--color-accent)] shadow-[0_4px_12px_rgba(0,0,0,0.05)] scale-[1.02]"[31m
          [33mtype[31m=[32m"button"[31m
        [36m>[31m
          [36m<span[31m
            [33mclass[31m=[32m"text-xl md:text-2xl mb-0.5"[31m
          [36m>[31m
            [0m­ƒîÉ[0m
          [36m</span>[31m
          [0mSite Web[0m
        [36m</button>[31m
        [36m<button[31m
          [33mclass[31m=[32m"flex-1 min-w-[100px] sm:min-w-[120px] py-4 px-3 text-[13px] font-semibold rounded-[var(--radius-lg)] flex flex-col items-center justify-center gap-2 transition-all bg-[var(--color-bg-secondary)] text-[var(--color-text-secondary)] border-2 border-transparent hover:bg-[var(--color-bg-card)] hover:shadow-sm"[31m
          [33mtype[31m=[32m"button"[31m
        [36m>[31m
          [36m<span[31m
            [33mclass[31m=[32m"text-xl md:text-2xl mb-0.5"[31m
          [36m>[31m
            [0m­ƒÄ¼[0m
          [36m</span>[31m
          [0mVid├®o Courte[0m
        [36m</button>[31m
        [36m<button[31m
          [33mclass[31m=[32m"flex-1 min-w-[100px] sm:min-w-[120px] py-4 px-3 text-[13px] font-semibold rounded-[var(--radius-lg)] flex flex-col items-center justify-center gap-2 transition-all bg-[var(--color-bg-secondary)] text-[var(--color-text-secondary)] border-2 border-transparent hover:bg-[var(--color-bg-card)] hover:shadow-sm"[31m
          [33mtype[31m=[32m"button"[31m
        [36m>[31m
          [36m<span[31m
            [33mclass[31m=[32m"text-xl md:text-2xl mb-0.5"[31m
          [36m>[31m
            [0m­ƒô©[0m
          [36m</span>[31m
          [0mPhoto[0m
        [36m</button>[31m
        [36m<button[31m
          [33mclass[31m=[32m"flex-1 min-w-[100px] sm:min-w-[120px] py-4 px-3 text-[13px] font-semibold rounded-[var(--radius-lg)] flex flex-col items-center justify-center gap-2 transition-all bg-[var(--color-bg-secondary)] text-[var(--color-text-secondary)] border-2 border-transparent hover:bg-[var(--color-bg-card)] hover:shadow-sm"[31m
          [33mtype[31m=[32m"button"[31m
        [36m>[31m
          [36m<span[31m
            [33mclass[31m=[32m"text-xl md:text-2xl mb-0.5"[31m
          [36m>[31m
            [0m­ƒôï[0m
          [36m</span>[31m
          [0mTexte[0m
        [36m</button>[31m
        [36m<button[31m
          [33mclass[31m=[32m"flex-1 min-w-[100px] sm:min-w-[120px] py-4 px-3 text-[13px] font-semibold rounded-[var(--radius-lg)] flex flex-col items-center justify-center gap-2 transition-all bg-[var(--color-bg-secondary)] text-[var(--color-text-secondary)] border-2 border-transparent hover:bg-[var(--color-bg-card)] hover:shadow-sm"[31m
          [33mtype[31m=[32m"button"[31m
        [36m>[31m
          [36m<span[31m
            [33mclass[31m=[32m"text-xl md:text-2xl mb-0.5"[31m
          [36m>[31m
            [0m­ƒôª[0m
          [36m</span>[31m
          [0mEn masse[0m
        [36m</button>[31m
      [36m</div>[31m
      [36m<div[31m
        [33mclass[31m=[32m"bg-[var(--color-bg-card)] border border-[var(--color-border)] rounded-[var(--radius-xl)] shadow-sm overflow-hidden animate-in fade-in slide-in-from-bottom-2 duration-300"[31m
      [36m>[31m
        [36m<div[31m
          [33mclass[31m=[32m"p-6 sm:p-8"[31m
        [36m>[31m
          [36m<div[31m
            [33mclass[31m=[32m"flex flex-col sm:flex-row items-center sm:items-start gap-4 mb-6 text-center sm:text-left"[31m
          [36m>[31m
            [36m<div[31m
              [33mclass[31m=[32m"w-12 h-12 shrink-0 bg-blue-50 text-blue-500 rounded-full flex items-center justify-center text-2xl border border-blue-100"[31m
            [36m>[31m
              [0m­ƒîÉ[0m
            [36m</div>[31m
            [36m<div>[31m
              [36m<h4[31m
                [33mclass[31m=[32m"text-[18px] font-bold text-[var(--color-text-primary)]"[31m
              [36m>[31m
                [0mImporter depuis un site web[0m
              [36m</h4>[31m
              [36m<p[31m
                [33mclass[31m=[32m"text-[13px] text-[var(--color-text-secondary)] mt-1"[31m
              [36m>[31m
                [0mCollez le lien d'un blog culinaire ou d'un site de recettes. L'IA lira la page pour vous.[0m
              [36m</p>[31m
            [36m</div>[31m
          [36m</div>[31m
          [36m<form[31m
            [33mclass[31m=[32m"flex flex-col gap-3"[31m
          [36m>[31m
            [36m<input[31m
              [33mclass[31m=[32m"w-full px-4 py-3.5 text-[15px] border rounded-[var(--radius-md)] bg-[var(--color-bg-secondary)] text-[var(--color-text-primary)] placeholder:text-[var(--color-text-muted)] transition-colors focus:outline-none focus:ring-2 focus:ring-[var(--color-accent)]/30 disabled:opacity-50 border-[var(--color-border)] hover:border-[var(--color-border-hover)]"[31m
              [33mplaceholder[31m=[32m"https://www.marmiton.org/recettes/..."[31m
              [33mtype[31m=[32m"url"[31m
              [33mvalue[31m=[32m""[31m
            [36m/>[31m
            [36m<button[31m
              [33mclass[31m=[32m"w-full py-3.5 mt-2 bg-[var(--color-accent)] text-white text-[15px] font-bold rounded-[var(--radius-md)] shadow-md hover:bg-[var(--accent-primary-hover)] disabled:opacity-50 transition-all active:scale-[0.98]"[31m
              [33mdisabled[31m=[32m""[31m
              [33mtype[31m=[32m"submit"[31m
            [36m>[31m
              [0mImporter la recette[0m
            [36m</button>[31m
          [36m</form>[31m
        [36m</div>[31m
      [36m</div>[31m
    [36m</div>[31m
  [36m</div>[31m
[36m</body>[31m[39m
 [32mÔ£ô[39m src/app/components/import-source-selector.test.tsx[2m > [22mImportSourceSelector[2m > [22mr├®v├¿le le champ URL quand on clique sur la carte Site web[32m 16[2mms[22m[39m
 [32mÔ£ô[39m src/app/components/import-source-selector.test.tsx[2m > [22mImportSourceSelector[2m > [22maffiche une erreur pour une URL invalide[32m 13[2mms[22m[39m
 [32mÔ£ô[39m src/app/components/import-source-selector.test.tsx[2m > [22mImportSourceSelector[2m > [22mn'affiche pas d'erreur pour une URL valide[32m 13[2mms[22m[39m
 [32mÔ£ô[39m src/app/components/import-source-selector.test.tsx[2m > [22mImportSourceSelector[2m > [22mpermet de basculer entre les diff├®rents onglets[32m 15[2mms[22m[39m

[2m Test Files [22m [1m[31m2 failed[39m[22m[2m | [22m[1m[32m8 passed[39m[22m[90m (10)[39m
[2m      Tests [22m [1m[31m3 failed[39m[22m[2m | [22m[1m[32m62 passed[39m[22m[90m (65)[39m
[2m   Start at [22m 23:14:57
[2m   Duration [22m 2.54s[2m (transform 488ms, setup 1.51s, collect 2.19s, tests 399ms, environment 10.64s, prepare 1.68s)[22m

